lib/agents/tool-executor.ts(192,37): error TS18047: 'result.artifact.current_version' is possibly 'null'.
